src/components/shared/SubscriptionBanner.tsx(47,59): error TS18047: 'daysRemaining' is possibly 'null'.
